sent wine:tank_01 t=0.0h risk=normal brix=24.5 temp=24.96
sent wine:tank_02 t=0.0h risk=normal brix=25.0 temp=25.99
sent wine:tank_03 t=0.0h risk=normal brix=22.5 temp=13.79
sent wine:tank_01 t=5.0h risk=normal brix=22.32 temp=26.74
sent wine:tank_02 t=5.0h risk=normal brix=22.79 temp=27.41
sent wine:tank_03 t=5.0h risk=normal brix=20.53 temp=15.48
sent wine:tank_01 t=10.0h risk=warning brix=20.34 temp=27.45
sent wine:tank_02 t=10.0h risk=warning brix=20.78 temp=28.1
sent wine:tank_03 t=10.0h risk=warning brix=18.72 temp=16.47
sent wine:tank_01 t=15.0h risk=normal brix=18.52 temp=27.47
sent wine:tank_02 t=15.0h risk=normal brix=18.93 temp=28.06
sent wine:tank_03 t=15.0h risk=warning brix=17.06 temp=16.22
sent wine:tank_01 t=20.0h risk=normal brix=16.85 temp=27.62
sent wine:tank_02 t=20.0h risk=normal brix=17.25 temp=28.49
sent wine:tank_03 t=20.0h risk=warning brix=15.54 temp=16.62
sent wine:tank_01 t=25.0h risk=normal brix=15.33 temp=28.59
sent wine:tank_02 t=25.0h risk=normal brix=15.7 temp=29.65
sent wine:tank_03 t=25.0h risk=warning brix=14.15 temp=17.92
sent wine:tank_01 t=30.0h risk=normal brix=13.93 temp=29.4
sent wine:tank_02 t=30.0h risk=warning brix=14.29 temp=30.49
sent wine:tank_03 t=30.0h risk=warning brix=12.88 temp=18.27
sent wine:tank_01 t=35.0h risk=normal brix=12.66 temp=29.07
sent wine:tank_02 t=35.0h risk=warning brix=13.0 temp=30.2
sent wine:tank_03 t=35.0h risk=warning brix=11.72 temp=18.19
sent wine:tank_01 t=40.0h risk=normal brix=11.5 temp=28.42
sent wine:tank_02 t=40.0h risk=critical brix=11.82 temp=34.34
sent wine:tank_03 t=40.0h risk=normal brix=10.65 temp=17.6
sent wine:tank_01 t=45.0h risk=normal brix=10.43 temp=28.48
sent wine:tank_02 t=45.0h risk=critical brix=10.74 temp=34.26
sent wine:tank_03 t=45.0h risk=normal brix=9.67 temp=17.67
sent wine:tank_01 t=50.0h risk=normal brix=9.45 temp=29.08
sent wine:tank_02 t=50.0h risk=critical brix=9.76 temp=34.91
sent wine:tank_03 t=50.0h risk=warning brix=8.77 temp=18.24
sent wine:tank_01 t=55.0h risk=normal brix=8.56 temp=29.13
sent wine:tank_02 t=55.0h risk=critical brix=8.85 temp=35.51
sent wine:tank_03 t=55.0h risk=warning brix=7.95 temp=18.39
sent wine:tank_01 t=60.0h risk=normal brix=7.75 temp=28.68
sent wine:tank_02 t=60.0h risk=critical brix=8.03 temp=34.52
sent wine:tank_03 t=60.0h risk=normal brix=7.2 temp=17.7
sent wine:tank_01 t=65.0h risk=normal brix=7.0 temp=27.74
sent wine:tank_02 t=65.0h risk=critical brix=7.27 temp=33.96
sent wine:tank_03 t=65.0h risk=normal brix=6.51 temp=16.71
sent wine:tank_01 t=70.0h risk=normal brix=6.32 temp=27.62
sent wine:tank_02 t=70.0h risk=critical brix=6.58 temp=34.06
sent wine:tank_03 t=70.0h risk=normal brix=5.88 temp=17.11
sent wine:tank_01 t=75.0h risk=normal brix=5.69 temp=28.45
sent wine:tank_02 t=75.0h risk=critical brix=5.95 temp=34.87
sent wine:tank_03 t=75.0h risk=warning brix=17.25 temp=17.54
sent wine:tank_01 t=80.0h risk=normal brix=5.12 temp=28.13
sent wine:tank_02 t=80.0h risk=critical brix=5.38 temp=35.09
sent wine:tank_03 t=80.0h risk=warning brix=17.18 temp=17.18
sent wine:tank_01 t=85.0h risk=normal brix=4.6 temp=27.56
sent wine:tank_02 t=85.0h risk=critical brix=4.85 temp=34.31
sent wine:tank_03 t=85.0h risk=warning brix=17.11 temp=16.39
sent wine:tank_01 t=90.0h risk=normal brix=4.12 temp=26.82
sent wine:tank_02 t=90.0h risk=critical brix=4.36 temp=33.59
sent wine:tank_03 t=90.0h risk=warning brix=17.03 temp=15.98
sent wine:tank_01 t=95.0h risk=normal brix=3.69 temp=26.79
sent wine:tank_02 t=95.0h risk=critical brix=3.92 temp=34.18
sent wine:tank_03 t=95.0h risk=normal brix=16.96 temp=15.92
sent wine:tank_01 t=100.0h risk=normal brix=3.29 temp=27.68
sent wine:tank_02 t=100.0h risk=critical brix=3.52 temp=34.81
sent wine:tank_03 t=100.0h risk=normal brix=16.88 temp=16.73
sent wine:tank_01 t=105.0h risk=normal brix=2.92 temp=27.34
sent wine:tank_02 t=105.0h risk=critical brix=3.15 temp=34.41
sent wine:tank_03 t=105.0h risk=normal brix=16.8 temp=16.57
sent wine:tank_01 t=110.0h risk=normal brix=2.59 temp=26.56
sent wine:tank_02 t=110.0h risk=critical brix=2.81 temp=33.7
sent wine:tank_03 t=110.0h risk=normal brix=16.73 temp=15.56
sent wine:tank_01 t=115.0h risk=normal brix=2.28 temp=26.24
sent wine:tank_02 t=115.0h risk=critical brix=2.5 temp=33.31
sent wine:tank_03 t=115.0h risk=normal brix=16.66 temp=14.82
sent wine:tank_01 t=120.0h risk=normal brix=2.0 temp=26.48
sent wine:tank_02 t=120.0h risk=critical brix=2.22 temp=34.13
sent wine:tank_03 t=120.0h risk=normal brix=16.58 temp=15.71
sent wine:tank_01 t=125.0h risk=normal brix=1.74 temp=26.85
sent wine:tank_02 t=125.0h risk=critical brix=1.96 temp=34.37
sent wine:tank_03 t=125.0h risk=normal brix=16.51 temp=16.1
sent wine:tank_01 t=130.0h risk=normal brix=1.51 temp=26.38
sent wine:tank_02 t=130.0h risk=critical brix=1.73 temp=33.98
sent wine:tank_03 t=130.0h risk=normal brix=16.43 temp=15.68
sent wine:tank_01 t=135.0h risk=normal brix=1.3 temp=25.45
sent wine:tank_02 t=135.0h risk=critical brix=1.51 temp=33.58
sent wine:tank_03 t=135.0h risk=normal brix=16.36 temp=14.68
sent wine:tank_01 t=140.0h risk=normal brix=1.1 temp=25.47
sent wine:tank_02 t=140.0h risk=critical brix=1.31 temp=33.54
sent wine:tank_03 t=140.0h risk=normal brix=16.28 temp=14.43
sent wine:tank_01 t=145.0h risk=normal brix=0.92 temp=26.23
sent wine:tank_02 t=145.0h risk=critical brix=1.13 temp=33.98
sent wine:tank_03 t=145.0h risk=normal brix=16.21 temp=15.26
sent wine:tank_01 t=150.0h risk=normal brix=0.76 temp=26.39
sent wine:tank_02 t=150.0h risk=critical brix=0.97 temp=34.38
sent wine:tank_03 t=150.0h risk=normal brix=16.13 temp=15.71
sent wine:tank_01 t=155.0h risk=normal brix=0.61 temp=25.79
sent wine:tank_02 t=155.0h risk=critical brix=0.82 temp=33.81
sent wine:tank_03 t=155.0h risk=normal brix=16.05 temp=15.12
sent wine:tank_01 t=160.0h risk=normal brix=0.47 temp=25.08
sent wine:tank_02 t=160.0h risk=critical brix=0.68 temp=33.15
sent wine:tank_03 t=160.0h risk=normal brix=15.98 temp=14.11
sent wine:tank_01 t=165.0h risk=normal brix=0.34 temp=25.37
sent wine:tank_02 t=165.0h risk=warning brix=0.55 temp=32.93
sent wine:tank_03 t=165.0h risk=normal brix=15.91 temp=14.19
sent wine:tank_01 t=170.0h risk=normal brix=0.23 temp=25.78
sent wine:tank_02 t=170.0h risk=critical brix=0.44 temp=33.7
sent wine:tank_03 t=170.0h risk=normal brix=15.83 temp=15.17
sent wine:tank_01 t=175.0h risk=normal brix=0.13 temp=25.98
sent wine:tank_02 t=175.0h risk=critical brix=0.33 temp=33.84
sent wine:tank_03 t=175.0h risk=normal brix=15.76 temp=15.17
sent wine:tank_01 t=180.0h risk=normal brix=0.03 temp=25.6
sent wine:tank_02 t=180.0h risk=critical brix=0.23 temp=33.21
sent wine:tank_03 t=180.0h risk=normal brix=15.68 temp=14.39
sent wine:tank_01 t=185.0h risk=normal brix=-0.06 temp=25.07
sent wine:tank_02 t=185.0h risk=warning brix=0.15 temp=32.76
sent wine:tank_03 t=185.0h risk=normal brix=15.61 temp=13.7
sent wine:tank_01 t=190.0h risk=normal brix=-0.14 temp=25.22
sent wine:tank_02 t=190.0h risk=warning brix=0.06 temp=32.88
sent wine:tank_03 t=190.0h risk=normal brix=15.53 temp=14.38
sent wine:tank_01 t=195.0h risk=normal brix=-0.21 temp=25.64
sent wine:tank_02 t=195.0h risk=critical brix=-0.01 temp=33.46
sent wine:tank_03 t=195.0h risk=normal brix=15.46 temp=14.66
sent wine:tank_01 t=200.0h risk=normal brix=-0.28 temp=25.73
sent wine:tank_02 t=200.0h risk=critical brix=-0.08 temp=33.58
sent wine:tank_03 t=200.0h risk=normal brix=15.38 temp=14.93
sent wine:tank_01 t=205.0h risk=normal brix=-0.34 temp=25.08
sent wine:tank_02 t=205.0h risk=warning brix=-0.14 temp=32.86
sent wine:tank_03 t=205.0h risk=normal brix=15.31 temp=14.08
sent wine:tank_01 t=210.0h risk=normal brix=-0.4 temp=24.74
sent wine:tank_02 t=210.0h risk=warning brix=-0.2 temp=32.25
sent wine:tank_03 t=210.0h risk=normal brix=15.23 temp=13.63
sent wine:tank_01 t=215.0h risk=normal brix=-0.45 temp=25.21
sent wine:tank_02 t=215.0h risk=warning brix=-0.25 temp=32.8
sent wine:tank_03 t=215.0h risk=normal brix=15.16 temp=14.17
sent wine:tank_01 t=220.0h risk=finished brix=-0.5 temp=25.68
sent wine:tank_02 t=220.0h risk=critical brix=-0.29 temp=33.43
sent wine:tank_03 t=220.0h risk=normal brix=15.08 temp=14.78
sent wine:tank_01 t=225.0h risk=finished brix=-0.54 temp=25.79